../Drivers/STM32WBxx_HAL_Driver/Inc/stm32wbxx_ll_system.h:2223:26:LL_FLASH_GetUDN	4	static
../Drivers/STM32WBxx_HAL_Driver/Inc/stm32wbxx_ll_system.h:2235:26:LL_FLASH_GetDeviceID	4	static
../Drivers/STM32WBxx_HAL_Driver/Inc/stm32wbxx_ll_system.h:2247:26:LL_FLASH_GetSTCompanyID	4	static
../STM32_WPAN/App/app_ble.c:264:6:APP_BLE_Init	80	static
../STM32_WPAN/App/app_ble.c:410:28:SVCCTL_App_Notification	72	static
../STM32_WPAN/App/app_ble.c:680:22:APP_BLE_Get_Server_Connection_Status	4	static
../STM32_WPAN/App/app_ble.c:686:6:MVT_REF_fin	8	static
../STM32_WPAN/App/app_ble.c:690:6:MVT_REF_vide	8	static
../STM32_WPAN/App/app_ble.c:695:6:MVT_REF_validation_succes	8	static
../STM32_WPAN/App/app_ble.c:699:6:MVT_REF_validation_fail	8	static
../STM32_WPAN/App/app_ble.c:703:6:MVT_REF_validation_vide	8	static
../STM32_WPAN/App/app_ble.c:708:6:MVT_vide	8	static
../STM32_WPAN/App/app_ble.c:713:6:MVT_BRAS_GAUCHE_valide	8	static
../STM32_WPAN/App/app_ble.c:717:6:MVT_BRAS_DROIT_valide	8	static
../STM32_WPAN/App/app_ble.c:721:6:MVT_BRAS_CORRECT_valide	8	static
../STM32_WPAN/App/app_ble.c:725:6:MVT_BRAS_GAUCHE_non_valide	8	static
../STM32_WPAN/App/app_ble.c:729:6:MVT_BRAS_DROIT_non_valide	8	static
../STM32_WPAN/App/app_ble.c:733:6:MVT_BRAS_CORRECT_non_valide	8	static
../STM32_WPAN/App/app_ble.c:744:13:Ble_Tl_Init	16	static
../STM32_WPAN/App/app_ble.c:755:13:Ble_Hci_Gap_Gatt_Init	72	static
../STM32_WPAN/App/app_ble.c:1051:13:Adv_Request	56	static
../STM32_WPAN/App/app_ble.c:1095:16:BleGetBdAddress	32	static
../STM32_WPAN/App/app_ble.c:1152:13:Adv_Cancel	16	static
../STM32_WPAN/App/app_ble.c:1241:6:hci_notify_asynch_evt	16	static
../STM32_WPAN/App/app_ble.c:1248:6:hci_cmd_resp_release	16	static
../STM32_WPAN/App/app_ble.c:1255:6:hci_cmd_resp_wait	16	static
../STM32_WPAN/App/app_ble.c:1262:13:BLE_UserEvtRx	24	static
../STM32_WPAN/App/app_ble.c:1282:13:BLE_StatusNot	24	static
../STM32_WPAN/App/app_ble.c:1321:6:SVCCTL_ResumeUserEventFlow	8	static
