../Drivers/STM32WBxx_HAL_Driver/Inc/stm32wbxx_ll_system.h:2223:26:LL_FLASH_GetUDN	4	static
../Drivers/STM32WBxx_HAL_Driver/Inc/stm32wbxx_ll_system.h:2235:26:LL_FLASH_GetDeviceID	4	static
../Drivers/STM32WBxx_HAL_Driver/Inc/stm32wbxx_ll_system.h:2247:26:LL_FLASH_GetSTCompanyID	4	static
../STM32_WPAN/App/app_ble.c:264:6:APP_BLE_Init	80	static
../STM32_WPAN/App/app_ble.c:410:28:SVCCTL_App_Notification	72	static
../STM32_WPAN/App/app_ble.c:680:22:APP_BLE_Get_Server_Connection_Status	4	static
../STM32_WPAN/App/app_ble.c:686:6:MVT_REF_fin	8	static
../STM32_WPAN/App/app_ble.c:690:6:MVT_REF_vide	8	static
../STM32_WPAN/App/app_ble.c:695:6:MVT_REF_validation_succes	8	static
../STM32_WPAN/App/app_ble.c:699:6:MVT_REF_validation_fail	8	static
../STM32_WPAN/App/app_ble.c:703:6:MVT_REF_validation_vide	8	static
../STM32_WPAN/App/app_ble.c:708:6:MVT_vide	8	static
../STM32_WPAN/App/app_ble.c:712:6:MVT_valide	8	static
../STM32_WPAN/App/app_ble.c:716:6:MVT_non_valide	8	static
../STM32_WPAN/App/app_ble.c:720:6:MVT_BRAS_GAUCHE	8	static
../STM32_WPAN/App/app_ble.c:724:6:MVT_BRAS_DROIT	8	static
../STM32_WPAN/App/app_ble.c:728:6:MVT_BRAS_CORRECT	8	static
../STM32_WPAN/App/app_ble.c:739:13:Ble_Tl_Init	16	static
../STM32_WPAN/App/app_ble.c:750:13:Ble_Hci_Gap_Gatt_Init	72	static
../STM32_WPAN/App/app_ble.c:1046:13:Adv_Request	56	static
../STM32_WPAN/App/app_ble.c:1090:16:BleGetBdAddress	32	static
../STM32_WPAN/App/app_ble.c:1147:13:Adv_Cancel	16	static
../STM32_WPAN/App/app_ble.c:1236:6:hci_notify_asynch_evt	16	static
../STM32_WPAN/App/app_ble.c:1243:6:hci_cmd_resp_release	16	static
../STM32_WPAN/App/app_ble.c:1250:6:hci_cmd_resp_wait	16	static
../STM32_WPAN/App/app_ble.c:1257:13:BLE_UserEvtRx	24	static
../STM32_WPAN/App/app_ble.c:1277:13:BLE_StatusNot	24	static
../STM32_WPAN/App/app_ble.c:1316:6:SVCCTL_ResumeUserEventFlow	8	static
