../STM32_WPAN/App/custom_app.c:93:6:Custom_STM_App_Notification	16	static
../STM32_WPAN/App/custom_app.c:162:6:Custom_APP_Notification	16	static
../STM32_WPAN/App/custom_app.c:199:6:Custom_APP_Init	8	static
../STM32_WPAN/App/custom_app.c:214:6:FSVC_MVT_REF_fin	8	static
../STM32_WPAN/App/custom_app.c:221:6:FSVC_MVT_REF_vide	8	static
../STM32_WPAN/App/custom_app.c:228:6:FSVC_MVT_REF_validation_succes	8	static
../STM32_WPAN/App/custom_app.c:235:6:FSVC_MVT_REF_validation_fail	8	static
../STM32_WPAN/App/custom_app.c:242:6:FSVC_MVT_REF_validation_vide	8	static
../STM32_WPAN/App/custom_app.c:249:6:FSVC_MVT_vide	8	static
../STM32_WPAN/App/custom_app.c:256:6:FSVC_MVT_valide	8	static
../STM32_WPAN/App/custom_app.c:263:6:FSVC_MVT_non_valide	8	static
../STM32_WPAN/App/custom_app.c:270:6:FSVC_MVT_BRAS_GAUCHE	8	static
../STM32_WPAN/App/custom_app.c:277:6:FSVC_MVT_BRAS_DROIT	8	static
../STM32_WPAN/App/custom_app.c:284:6:FSVC_MVT_BRAS_CORRECT	8	static
../STM32_WPAN/App/custom_app.c:302:6:Custom_Mvt_rep_Update_Char	16	static
../STM32_WPAN/App/custom_app.c:321:6:Custom_Mvt_rep_Send_Notification	72	static
../STM32_WPAN/App/custom_app.c:405:6:Custom_Force_Update_Char	16	static
../STM32_WPAN/App/custom_app.c:424:6:Custom_Force_Send_Notification	24	static
../STM32_WPAN/App/custom_app.c:476:6:Custom_Appli_Update_Char	8	static
