../STM32_WPAN/App/custom_app.c:89:6:Custom_STM_App_Notification	16	static
../STM32_WPAN/App/custom_app.c:145:6:Custom_APP_Notification	16	static
../STM32_WPAN/App/custom_app.c:180:6:Custom_APP_Init	8	static
../STM32_WPAN/App/custom_app.c:194:6:FSVC_MVT_REF_fin	8	static
../STM32_WPAN/App/custom_app.c:200:6:FSVC_MVT_REF_vide	8	static
../STM32_WPAN/App/custom_app.c:206:6:FSVC_MVT_REF_validation_succes	8	static
../STM32_WPAN/App/custom_app.c:212:6:FSVC_MVT_REF_validation_fail	8	static
../STM32_WPAN/App/custom_app.c:218:6:FSVC_MVT_REF_validation_vide	8	static
../STM32_WPAN/App/custom_app.c:224:6:FSVC_MVT_vide	8	static
../STM32_WPAN/App/custom_app.c:231:6:FSVC_MVT_BRAS_GAUCHE_valide	8	static
../STM32_WPAN/App/custom_app.c:237:6:FSVC_MVT_BRAS_DROIT_valide	8	static
../STM32_WPAN/App/custom_app.c:243:6:FSVC_MVT_BRAS_CORRECT_valide	8	static
../STM32_WPAN/App/custom_app.c:249:6:FSVC_MVT_BRAS_GAUCHE_non_valide	8	static
../STM32_WPAN/App/custom_app.c:255:6:FSVC_MVT_BRAS_DROIT_non_valide	8	static
../STM32_WPAN/App/custom_app.c:261:6:FSVC_MVT_BRAS_CORRECT_non_valide	8	static
../STM32_WPAN/App/custom_app.c:277:6:Custom_Mvt_rep_Update_Char	16	static
../STM32_WPAN/App/custom_app.c:296:6:Custom_Mvt_rep_Send_Notification	104	static
../STM32_WPAN/App/custom_app.c:416:6:Custom_Appli_Update_Char	8	static
