../Drivers/CMSIS/Include/core_cm4.h:2059:26:ITM_SendChar	16	static,ignoring_inline_asm
../Core/Src/Gestion.c:39:5:_write	32	static
../Core/Src/Gestion.c:47:6:MX_MEMS_Init	8	static
../Core/Src/Gestion.c:61:6:MX_MEMS_Process	40	static
../Core/Src/Gestion.c:191:6:Init_Sensors	8	static
../Core/Src/Gestion.c:199:6:ReadSensorData	8	static
../Core/Src/Gestion.c:213:6:CalculateMovementAndSpeed	8	static
../Core/Src/Gestion.c:221:6:CalibrateSensors	8	static
../Core/Src/Gestion.c:226:6:CalibrateAccelerometer	40	static
../Core/Src/Gestion.c:243:6:CalibrateGyroscope	40	static
../Core/Src/Gestion.c:260:6:recordBenchRep	72	static
../Core/Src/Gestion.c:347:6:compareBenchReps	24	static
../Core/Src/Gestion.c:357:10:Read_ADC_Value	16	static
../Core/Src/Gestion.c:364:10:Get_Calibration_Value	24	static
